-- The C compiler identification is GNU 11.4.0
-- The CXX compiler identification is GNU 11.4.0
-- Detecting C compiler ABI info
-- Detecting C compiler ABI info - done
-- Check for working C compiler: /usr/bin/cc - skipped
-- Detecting C compile features
-- Detecting C compile features - done
-- Detecting CXX compiler ABI info
-- Detecting CXX compiler ABI info - done
-- Check for working CXX compiler: /usr/bin/c++ - skipped
-- Detecting CXX compile features
-- Detecting CXX compile features - done
-- Found ament_cmake: 1.3.12 (/opt/ros/humble/share/ament_cmake/cmake)
-- Found Python3: /usr/local/python/current/bin/python3 (found version "3.10.12") found components: Interpreter 
-- Found rclcpp: 16.0.15 (/opt/ros/humble/share/rclcpp/cmake)
-- Found rosidl_generator_c: 3.1.7 (/opt/ros/humble/share/rosidl_generator_c/cmake)
-- Found rosidl_adapter: 3.1.7 (/opt/ros/humble/share/rosidl_adapter/cmake)
-- Found rosidl_generator_cpp: 3.1.7 (/opt/ros/humble/share/rosidl_generator_cpp/cmake)
-- Using all available rosidl_typesupport_c: rosidl_typesupport_fastrtps_c;rosidl_typesupport_introspection_c
-- Using all available rosidl_typesupport_cpp: rosidl_typesupport_fastrtps_cpp;rosidl_typesupport_introspection_cpp
-- Found rmw_implementation_cmake: 6.1.2 (/opt/ros/humble/share/rmw_implementation_cmake/cmake)
-- Found rmw_fastrtps_cpp: 6.2.9 (/opt/ros/humble/share/rmw_fastrtps_cpp/cmake)
-- Found OpenSSL: /usr/lib/x86_64-linux-gnu/libcrypto.so (found version "3.0.2")  
-- Found FastRTPS: /opt/ros/humble/include  
-- Using RMW implementation 'rmw_fastrtps_cpp' as default
-- Looking for pthread.h
-- Looking for pthread.h - found
-- Performing Test CMAKE_HAVE_LIBC_PTHREAD
-- Performing Test CMAKE_HAVE_LIBC_PTHREAD - Success
-- Found Threads: TRUE  
-- Found geometry_msgs: 4.9.0 (/opt/ros/humble/share/geometry_msgs/cmake)
-- Found ros2_control: 2.52.2 (/opt/ros/humble/share/ros2_control/cmake)
-- Found controller_manager: 2.52.2 (/opt/ros/humble/share/controller_manager/cmake)
-- Found gazebo_ros2_control: 0.4.12 (/home/rosdev/eurobot_2026_ws/install/gazebo_ros2_control/share/gazebo_ros2_control/cmake)
-- Found PkgConfig: /usr/bin/pkg-config (found version "0.29.2") 
-- Checking for module 'bullet>=2.82'
--   Found bullet, version 3.05
-- Found fcl: /usr/include (found suitable version "0.7.0", minimum required is "0.5.0") 
-- Found assimp: /usr/include (found version "5.2.0") 
-- Found DART: /usr/include (Required is at least version "6.6") found components: dart 
-- Found Boost: /usr/lib/x86_64-linux-gnu/cmake/Boost-1.74.0/BoostConfig.cmake (found suitable version "1.74.0", minimum required is "1.40.0") found components: thread system filesystem program_options regex iostreams date_time 
-- Found Protobuf: /usr/lib/x86_64-linux-gnu/libprotobuf.so (found version "3.12.4") 
-- Looking for ignition-math6 -- found version 6.15.1
-- Searching for dependencies of ignition-math6
-- Looking for OGRE...
-- OGRE_PREFIX_WATCH changed.
-- Checking for module 'OGRE'
--   Found OGRE, version 1.9.0
-- Found Ogre Ghadamon (1.9.0)
-- Found OGRE: optimized;/usr/lib/x86_64-linux-gnu/libOgreMain.so;debug;/usr/lib/x86_64-linux-gnu/libOgreMain.so
-- Looking for OGRE_Paging...
-- Found OGRE_Paging: optimized;/usr/lib/x86_64-linux-gnu/libOgrePaging.so;debug;/usr/lib/x86_64-linux-gnu/libOgrePaging.so
-- Looking for OGRE_Terrain...
-- Found OGRE_Terrain: optimized;/usr/lib/x86_64-linux-gnu/libOgreTerrain.so;debug;/usr/lib/x86_64-linux-gnu/libOgreTerrain.so
-- Looking for OGRE_Property...
-- Found OGRE_Property: optimized;/usr/lib/x86_64-linux-gnu/libOgreProperty.so;debug;/usr/lib/x86_64-linux-gnu/libOgreProperty.so
-- Looking for OGRE_RTShaderSystem...
-- Found OGRE_RTShaderSystem: optimized;/usr/lib/x86_64-linux-gnu/libOgreRTShaderSystem.so;debug;/usr/lib/x86_64-linux-gnu/libOgreRTShaderSystem.so
-- Looking for OGRE_Volume...
-- Found OGRE_Volume: optimized;/usr/lib/x86_64-linux-gnu/libOgreVolume.so;debug;/usr/lib/x86_64-linux-gnu/libOgreVolume.so
-- Looking for OGRE_Overlay...
-- Found OGRE_Overlay: optimized;/usr/lib/x86_64-linux-gnu/libOgreOverlay.so;debug;/usr/lib/x86_64-linux-gnu/libOgreOverlay.so
-- Looking for ignition-math6 -- found version 6.15.1
-- Looking for ignition-transport8 -- found version 8.2.1
-- Searching for dependencies of ignition-transport8
-- Found Protobuf: /usr/lib/x86_64-linux-gnu/libprotobuf.so (found suitable version "3.12.4", minimum required is "3") 
-- Config-file not installed for ZeroMQ -- checking for pkg-config
-- Checking for module 'libzmq >= 4'
--   Found libzmq , version 4.3.4
-- Found ZeroMQ: TRUE (Required is at least version "4") 
-- Checking for module 'uuid'
--   Found uuid, version 2.37.2
-- Found UUID: TRUE  
-- Looking for ignition-msgs5 -- found version 5.8.1
-- Searching for dependencies of ignition-msgs5
-- Looking for ignition-math6 -- found version 6.15.1
-- Checking for module 'tinyxml2'
--   Found tinyxml2, version 9.0.0
-- Looking for ignition-msgs5 -- found version 5.8.1
-- Looking for ignition-common3 -- found version 3.14.0
-- Searching for dependencies of ignition-common3
-- Looking for dlfcn.h - found
-- Looking for libdl - found
-- Found DL: TRUE  
-- Found tinyobjloader: /usr/lib/x86_64-linux-gnu/cmake/tinyobjloader/tinyobjloader-config.cmake (found version "2.0.0") 
-- Searching for <ignition-common3> component [graphics]
-- Looking for ignition-common3-graphics -- found version 3.14.0
-- Searching for dependencies of ignition-common3-graphics
-- Looking for ignition-math6 -- found version 6.15.1
-- Looking for ignition-fuel_tools4 -- found version 4.4.0
-- Searching for dependencies of ignition-fuel_tools4
-- Found CURL: /usr/lib/x86_64-linux-gnu/libcurl.so (found version "7.81.0")  
-- Checking for module 'jsoncpp'
--   Found jsoncpp, version 1.9.5
-- Found JSONCPP: TRUE  
-- Checking for module 'libzip'
--   Found libzip, version 1.7.3
-- Found ZIP: TRUE  
-- Looking for ignition-common3 -- found version 3.14.0
-- Looking for ignition-math6 -- found version 6.15.1
-- Looking for ignition-msgs5 -- found version 5.8.1
-- Gazebo version: 11.10
-- Checking for module 'tbb'
--   Found tbb, version 2021.5.0
-- Found ament_lint_auto: 0.12.14 (/opt/ros/humble/share/ament_lint_auto/cmake)
-- Added test 'cppcheck' to perform static code analysis on C / C++ code
-- Configured cppcheck include dirs: /home/rosdev/eurobot_2026_ws/src/mam_eurobot_2026/include
-- Configured cppcheck exclude dirs and/or files: 
-- Added test 'flake8' to check Python code syntax and style conventions
-- Added test 'lint_cmake' to check CMake code style
-- Added test 'pep257' to check Python code against some of the docstring style conventions in PEP 257
-- Added test 'uncrustify' to check C / C++ code style
-- Configured uncrustify additional arguments: 
-- Added test 'xmllint' to check XML markup files
-- Configuring done
-- Generating done
-- Build files have been written to: /home/rosdev/eurobot_2026_ws/src/mam_eurobot_2026/build/mam_eurobot_2026
[ 50%] [32mBuilding CXX object CMakeFiles/cpp_test.dir/src/cpp_test.cpp.o[0m
[ 50%] Built target ament_cmake_python_copy_mam_eurobot_2026
running egg_info
creating mam_eurobot_2026.egg-info
writing mam_eurobot_2026.egg-info/PKG-INFO
writing dependency_links to mam_eurobot_2026.egg-info/dependency_links.txt
writing top-level names to mam_eurobot_2026.egg-info/top_level.txt
writing manifest file 'mam_eurobot_2026.egg-info/SOURCES.txt'
reading manifest file 'mam_eurobot_2026.egg-info/SOURCES.txt'
writing manifest file 'mam_eurobot_2026.egg-info/SOURCES.txt'
[ 50%] Built target ament_cmake_python_build_mam_eurobot_2026_egg
[100%] [32m[1mLinking CXX executable cpp_test[0m
[100%] Built target cpp_test
-- Install configuration: ""
-- Installing: /home/rosdev/eurobot_2026_ws/src/mam_eurobot_2026/install/mam_eurobot_2026/lib/mam_eurobot_2026/cpp_test
-- Set runtime path of "/home/rosdev/eurobot_2026_ws/src/mam_eurobot_2026/install/mam_eurobot_2026/lib/mam_eurobot_2026/cpp_test" to ""
-- Installing: /home/rosdev/eurobot_2026_ws/src/mam_eurobot_2026/install/mam_eurobot_2026/share/mam_eurobot_2026/launch
-- Installing: /home/rosdev/eurobot_2026_ws/src/mam_eurobot_2026/install/mam_eurobot_2026/share/mam_eurobot_2026/launch/arena.launch.py
-- Installing: /home/rosdev/eurobot_2026_ws/src/mam_eurobot_2026/install/mam_eurobot_2026/share/mam_eurobot_2026/launch/arena.launch.xml
-- Installing: /home/rosdev/eurobot_2026_ws/src/mam_eurobot_2026/install/mam_eurobot_2026/share/mam_eurobot_2026/launch/camera_bridge.launch.py
-- Installing: /home/rosdev/eurobot_2026_ws/src/mam_eurobot_2026/install/mam_eurobot_2026/share/mam_eurobot_2026/launch/test_world.launch.py
-- Installing: /home/rosdev/eurobot_2026_ws/src/mam_eurobot_2026/install/mam_eurobot_2026/share/mam_eurobot_2026/worlds
-- Installing: /home/rosdev/eurobot_2026_ws/src/mam_eurobot_2026/install/mam_eurobot_2026/share/mam_eurobot_2026/worlds/arena_world.sdf
-- Installing: /home/rosdev/eurobot_2026_ws/src/mam_eurobot_2026/install/mam_eurobot_2026/share/mam_eurobot_2026/models
-- Installing: /home/rosdev/eurobot_2026_ws/src/mam_eurobot_2026/install/mam_eurobot_2026/share/mam_eurobot_2026/models/aruco
-- Installing: /home/rosdev/eurobot_2026_ws/src/mam_eurobot_2026/install/mam_eurobot_2026/share/mam_eurobot_2026/models/aruco/aruco_36.png
-- Installing: /home/rosdev/eurobot_2026_ws/src/mam_eurobot_2026/install/mam_eurobot_2026/share/mam_eurobot_2026/models/aruco/aruco_47.png
-- Installing: /home/rosdev/eurobot_2026_ws/src/mam_eurobot_2026/install/mam_eurobot_2026/share/mam_eurobot_2026/models/crate
-- Installing: /home/rosdev/eurobot_2026_ws/src/mam_eurobot_2026/install/mam_eurobot_2026/share/mam_eurobot_2026/models/crate/model.config
-- Installing: /home/rosdev/eurobot_2026_ws/src/mam_eurobot_2026/install/mam_eurobot_2026/share/mam_eurobot_2026/models/crate/model.sdf
-- Installing: /home/rosdev/eurobot_2026_ws/src/mam_eurobot_2026/install/mam_eurobot_2026/share/mam_eurobot_2026/models/crate_blue
-- Installing: /home/rosdev/eurobot_2026_ws/src/mam_eurobot_2026/install/mam_eurobot_2026/share/mam_eurobot_2026/models/crate_blue/model.config
-- Installing: /home/rosdev/eurobot_2026_ws/src/mam_eurobot_2026/install/mam_eurobot_2026/share/mam_eurobot_2026/models/crate_blue/model.sdf
-- Installing: /home/rosdev/eurobot_2026_ws/src/mam_eurobot_2026/install/mam_eurobot_2026/share/mam_eurobot_2026/models/crate_yellow
-- Installing: /home/rosdev/eurobot_2026_ws/src/mam_eurobot_2026/install/mam_eurobot_2026/share/mam_eurobot_2026/models/crate_yellow/model.config
-- Installing: /home/rosdev/eurobot_2026_ws/src/mam_eurobot_2026/install/mam_eurobot_2026/share/mam_eurobot_2026/models/crate_yellow/model.sdf
-- Installing: /home/rosdev/eurobot_2026_ws/src/mam_eurobot_2026/install/mam_eurobot_2026/share/mam_eurobot_2026/models/mat
-- Installing: /home/rosdev/eurobot_2026_ws/src/mam_eurobot_2026/install/mam_eurobot_2026/share/mam_eurobot_2026/models/mat/mat.png
-- Installing: /home/rosdev/eurobot_2026_ws/src/mam_eurobot_2026/install/mam_eurobot_2026/share/mam_eurobot_2026/models/mat/model.config
-- Installing: /home/rosdev/eurobot_2026_ws/src/mam_eurobot_2026/install/mam_eurobot_2026/share/mam_eurobot_2026/models/mat/model.sdf
-- Installing: /home/rosdev/eurobot_2026_ws/src/mam_eurobot_2026/install/mam_eurobot_2026/share/mam_eurobot_2026/models/simple_robot
-- Installing: /home/rosdev/eurobot_2026_ws/src/mam_eurobot_2026/install/mam_eurobot_2026/share/mam_eurobot_2026/models/simple_robot/model.config
-- Installing: /home/rosdev/eurobot_2026_ws/src/mam_eurobot_2026/install/mam_eurobot_2026/share/mam_eurobot_2026/models/simple_robot/model.sdf
-- Installing: /home/rosdev/eurobot_2026_ws/src/mam_eurobot_2026/install/mam_eurobot_2026/share/mam_eurobot_2026/urdf
-- Installing: /home/rosdev/eurobot_2026_ws/src/mam_eurobot_2026/install/mam_eurobot_2026/share/mam_eurobot_2026/urdf/four_wheel_robot.xacro
-- Installing: /home/rosdev/eurobot_2026_ws/src/mam_eurobot_2026/install/mam_eurobot_2026/share/mam_eurobot_2026/config
-- Installing: /home/rosdev/eurobot_2026_ws/src/mam_eurobot_2026/install/mam_eurobot_2026/share/mam_eurobot_2026/config/mecanum_drive_controller.yaml
-- Up-to-date: /home/rosdev/eurobot_2026_ws/src/mam_eurobot_2026/install/mam_eurobot_2026/share/mam_eurobot_2026/urdf/four_wheel_robot.xacro
-- Installing: /home/rosdev/eurobot_2026_ws/src/mam_eurobot_2026/install/mam_eurobot_2026/share/mam_eurobot_2026/environment/pythonpath.sh
-- Installing: /home/rosdev/eurobot_2026_ws/src/mam_eurobot_2026/install/mam_eurobot_2026/share/mam_eurobot_2026/environment/pythonpath.dsv
-- Installing: /home/rosdev/eurobot_2026_ws/src/mam_eurobot_2026/install/mam_eurobot_2026/local/lib/python3.10/dist-packages/mam_eurobot_2026-0.0.0-py3.10.egg-info
-- Installing: /home/rosdev/eurobot_2026_ws/src/mam_eurobot_2026/install/mam_eurobot_2026/local/lib/python3.10/dist-packages/mam_eurobot_2026-0.0.0-py3.10.egg-info/dependency_links.txt
-- Installing: /home/rosdev/eurobot_2026_ws/src/mam_eurobot_2026/install/mam_eurobot_2026/local/lib/python3.10/dist-packages/mam_eurobot_2026-0.0.0-py3.10.egg-info/PKG-INFO
-- Installing: /home/rosdev/eurobot_2026_ws/src/mam_eurobot_2026/install/mam_eurobot_2026/local/lib/python3.10/dist-packages/mam_eurobot_2026-0.0.0-py3.10.egg-info/SOURCES.txt
-- Installing: /home/rosdev/eurobot_2026_ws/src/mam_eurobot_2026/install/mam_eurobot_2026/local/lib/python3.10/dist-packages/mam_eurobot_2026-0.0.0-py3.10.egg-info/top_level.txt
-- Installing: /home/rosdev/eurobot_2026_ws/src/mam_eurobot_2026/install/mam_eurobot_2026/local/lib/python3.10/dist-packages/mam_eurobot_2026
-- Installing: /home/rosdev/eurobot_2026_ws/src/mam_eurobot_2026/install/mam_eurobot_2026/local/lib/python3.10/dist-packages/mam_eurobot_2026/py_test.py
-- Installing: /home/rosdev/eurobot_2026_ws/src/mam_eurobot_2026/install/mam_eurobot_2026/local/lib/python3.10/dist-packages/mam_eurobot_2026/__init__.py
Listing '/home/rosdev/eurobot_2026_ws/src/mam_eurobot_2026/install/mam_eurobot_2026/local/lib/python3.10/dist-packages/mam_eurobot_2026'...
Compiling '/home/rosdev/eurobot_2026_ws/src/mam_eurobot_2026/install/mam_eurobot_2026/local/lib/python3.10/dist-packages/mam_eurobot_2026/__init__.py'...
Compiling '/home/rosdev/eurobot_2026_ws/src/mam_eurobot_2026/install/mam_eurobot_2026/local/lib/python3.10/dist-packages/mam_eurobot_2026/py_test.py'...
-- Installing: /home/rosdev/eurobot_2026_ws/src/mam_eurobot_2026/install/mam_eurobot_2026/lib/mam_eurobot_2026/py_test.py
-- Installing: /home/rosdev/eurobot_2026_ws/src/mam_eurobot_2026/install/mam_eurobot_2026/share/ament_index/resource_index/package_run_dependencies/mam_eurobot_2026
-- Installing: /home/rosdev/eurobot_2026_ws/src/mam_eurobot_2026/install/mam_eurobot_2026/share/ament_index/resource_index/parent_prefix_path/mam_eurobot_2026
-- Installing: /home/rosdev/eurobot_2026_ws/src/mam_eurobot_2026/install/mam_eurobot_2026/share/mam_eurobot_2026/environment/ament_prefix_path.sh
-- Installing: /home/rosdev/eurobot_2026_ws/src/mam_eurobot_2026/install/mam_eurobot_2026/share/mam_eurobot_2026/environment/ament_prefix_path.dsv
-- Installing: /home/rosdev/eurobot_2026_ws/src/mam_eurobot_2026/install/mam_eurobot_2026/share/mam_eurobot_2026/environment/path.sh
-- Installing: /home/rosdev/eurobot_2026_ws/src/mam_eurobot_2026/install/mam_eurobot_2026/share/mam_eurobot_2026/environment/path.dsv
-- Installing: /home/rosdev/eurobot_2026_ws/src/mam_eurobot_2026/install/mam_eurobot_2026/share/mam_eurobot_2026/local_setup.bash
-- Installing: /home/rosdev/eurobot_2026_ws/src/mam_eurobot_2026/install/mam_eurobot_2026/share/mam_eurobot_2026/local_setup.sh
-- Installing: /home/rosdev/eurobot_2026_ws/src/mam_eurobot_2026/install/mam_eurobot_2026/share/mam_eurobot_2026/local_setup.zsh
-- Installing: /home/rosdev/eurobot_2026_ws/src/mam_eurobot_2026/install/mam_eurobot_2026/share/mam_eurobot_2026/local_setup.dsv
-- Installing: /home/rosdev/eurobot_2026_ws/src/mam_eurobot_2026/install/mam_eurobot_2026/share/mam_eurobot_2026/package.dsv
-- Installing: /home/rosdev/eurobot_2026_ws/src/mam_eurobot_2026/install/mam_eurobot_2026/share/ament_index/resource_index/packages/mam_eurobot_2026
-- Installing: /home/rosdev/eurobot_2026_ws/src/mam_eurobot_2026/install/mam_eurobot_2026/share/mam_eurobot_2026/cmake/mam_eurobot_2026Config.cmake
-- Installing: /home/rosdev/eurobot_2026_ws/src/mam_eurobot_2026/install/mam_eurobot_2026/share/mam_eurobot_2026/cmake/mam_eurobot_2026Config-version.cmake
-- Installing: /home/rosdev/eurobot_2026_ws/src/mam_eurobot_2026/install/mam_eurobot_2026/share/mam_eurobot_2026/package.xml
