[0.233s] DEBUG:colcon:Command line arguments: ['/usr/bin/colcon', 'build', '--packages-select', 'mam_eurobot_2026']
[0.234s] DEBUG:colcon:Parsed command line arguments: Namespace(log_base=None, log_level=None, verb_name='build', build_base='build', install_base='install', merge_install=False, symlink_install=False, test_result_base=None, continue_on_error=False, executor='parallel', parallel_workers=8, event_handlers=None, ignore_user_meta=False, metas=['./colcon.meta'], base_paths=['.'], packages_ignore=None, packages_ignore_regex=None, paths=None, packages_up_to=None, packages_up_to_regex=None, packages_above=None, packages_above_and_dependencies=None, packages_above_depth=None, packages_select_by_dep=None, packages_skip_by_dep=None, packages_skip_up_to=None, packages_select_build_failed=False, packages_skip_build_finished=False, packages_select_test_failures=False, packages_skip_test_passed=False, packages_select=['mam_eurobot_2026'], packages_skip=None, packages_select_regex=None, packages_skip_regex=None, packages_start=None, packages_end=None, cmake_args=None, cmake_target=None, cmake_target_skip_unavailable=False, cmake_clean_cache=False, cmake_clean_first=False, cmake_force_configure=False, ament_cmake_args=None, catkin_cmake_args=None, catkin_skip_building_tests=False, mixin_files=None, mixin=None, verb_parser=<colcon_mixin.mixin.mixin_argument.MixinArgumentDecorator object at 0x781fa9260910>, verb_extension=<colcon_core.verb.build.BuildVerb object at 0x781fa9365f60>, main=<bound method BuildVerb.main of <colcon_core.verb.build.BuildVerb object at 0x781fa9365f60>>, mixin_verb=('build',))
[0.618s] Level 1:colcon.colcon_core.package_discovery:discover_packages(colcon_meta) check parameters
[0.619s] Level 1:colcon.colcon_core.package_discovery:discover_packages(recursive) check parameters
[0.619s] Level 1:colcon.colcon_core.package_discovery:discover_packages(ignore) check parameters
[0.619s] Level 1:colcon.colcon_core.package_discovery:discover_packages(path) check parameters
[0.619s] Level 1:colcon.colcon_core.package_discovery:discover_packages(colcon_meta) discover
[0.620s] Level 1:colcon.colcon_core.package_discovery:discover_packages(recursive) discover
[0.620s] INFO:colcon.colcon_core.package_discovery:Crawling recursively for packages in '/home/rosdev/eurobot_2026_ws/src/mam_eurobot_2026'
[0.622s] Level 1:colcon.colcon_core.package_identification:_identify(.) by extensions ['ignore', 'ignore_ament_install']
[0.622s] Level 1:colcon.colcon_core.package_identification:_identify(.) by extension 'ignore'
[0.623s] Level 1:colcon.colcon_core.package_identification:_identify(.) by extension 'ignore_ament_install'
[0.624s] Level 1:colcon.colcon_core.package_identification:_identify(.) by extensions ['colcon_pkg']
[0.624s] Level 1:colcon.colcon_core.package_identification:_identify(.) by extension 'colcon_pkg'
[0.625s] Level 1:colcon.colcon_core.package_identification:_identify(.) by extensions ['colcon_meta']
[0.625s] Level 1:colcon.colcon_core.package_identification:_identify(.) by extension 'colcon_meta'
[0.626s] Level 1:colcon.colcon_core.package_identification:_identify(.) by extensions ['ros']
[0.626s] Level 1:colcon.colcon_core.package_identification:_identify(.) by extension 'ros'
[0.669s] DEBUG:colcon.colcon_core.package_identification:Package '.' with type 'ros.ament_cmake' and name 'mam_eurobot_2026'
[0.669s] Level 1:colcon.colcon_core.package_discovery:discover_packages(recursive) using defaults
[0.669s] Level 1:colcon.colcon_core.package_discovery:discover_packages(ignore) discover
[0.670s] Level 1:colcon.colcon_core.package_discovery:discover_packages(ignore) using defaults
[0.670s] Level 1:colcon.colcon_core.package_discovery:discover_packages(path) discover
[0.670s] Level 1:colcon.colcon_core.package_discovery:discover_packages(path) using defaults
[0.706s] Level 5:colcon.colcon_core.verb:set package 'mam_eurobot_2026' build argument 'cmake_args' from command line to 'None'
[0.706s] Level 5:colcon.colcon_core.verb:set package 'mam_eurobot_2026' build argument 'cmake_target' from command line to 'None'
[0.707s] Level 5:colcon.colcon_core.verb:set package 'mam_eurobot_2026' build argument 'cmake_target_skip_unavailable' from command line to 'False'
[0.707s] Level 5:colcon.colcon_core.verb:set package 'mam_eurobot_2026' build argument 'cmake_clean_cache' from command line to 'False'
[0.708s] Level 5:colcon.colcon_core.verb:set package 'mam_eurobot_2026' build argument 'cmake_clean_first' from command line to 'False'
[0.709s] Level 5:colcon.colcon_core.verb:set package 'mam_eurobot_2026' build argument 'cmake_force_configure' from command line to 'False'
[0.709s] Level 5:colcon.colcon_core.verb:set package 'mam_eurobot_2026' build argument 'ament_cmake_args' from command line to 'None'
[0.710s] Level 5:colcon.colcon_core.verb:set package 'mam_eurobot_2026' build argument 'catkin_cmake_args' from command line to 'None'
[0.711s] Level 5:colcon.colcon_core.verb:set package 'mam_eurobot_2026' build argument 'catkin_skip_building_tests' from command line to 'False'
[0.749s] DEBUG:colcon.colcon_core.verb:Building package 'mam_eurobot_2026' with the following arguments: {'ament_cmake_args': None, 'build_base': '/home/rosdev/eurobot_2026_ws/src/mam_eurobot_2026/build/mam_eurobot_2026', 'catkin_cmake_args': None, 'catkin_skip_building_tests': False, 'cmake_args': None, 'cmake_clean_cache': False, 'cmake_clean_first': False, 'cmake_force_configure': False, 'cmake_target': None, 'cmake_target_skip_unavailable': False, 'install_base': '/home/rosdev/eurobot_2026_ws/src/mam_eurobot_2026/install/mam_eurobot_2026', 'merge_install': False, 'path': '/home/rosdev/eurobot_2026_ws/src/mam_eurobot_2026', 'symlink_install': False, 'test_result_base': None}
[0.749s] INFO:colcon.colcon_core.executor:Executing jobs using 'parallel' executor
[0.752s] DEBUG:colcon.colcon_parallel_executor.executor.parallel:run_until_complete
[0.753s] INFO:colcon.colcon_ros.task.ament_cmake.build:Building ROS package in '/home/rosdev/eurobot_2026_ws/src/mam_eurobot_2026' with build type 'ament_cmake'
[0.753s] INFO:colcon.colcon_cmake.task.cmake.build:Building CMake package in '/home/rosdev/eurobot_2026_ws/src/mam_eurobot_2026'
[0.764s] INFO:colcon.colcon_core.plugin_system:Skipping extension 'colcon_core.shell.bat': Not used on non-Windows systems
[0.766s] INFO:colcon.colcon_core.shell:Skip shell extension 'powershell' for command environment: Not usable outside of PowerShell
[0.767s] DEBUG:colcon.colcon_core.shell:Skip shell extension 'dsv' for command environment
[0.877s] DEBUG:colcon.colcon_core.event_handler.log_command:Invoking command in '/home/rosdev/eurobot_2026_ws/src/mam_eurobot_2026/build/mam_eurobot_2026': CMAKE_PREFIX_PATH=${CMAKE_PREFIX_PATH}:/opt/ros/humble /usr/bin/cmake /home/rosdev/eurobot_2026_ws/src/mam_eurobot_2026 -DCMAKE_INSTALL_PREFIX=/home/rosdev/eurobot_2026_ws/src/mam_eurobot_2026/install/mam_eurobot_2026
[14.709s] DEBUG:colcon.colcon_core.event_handler.log_command:Invoked command in '/home/rosdev/eurobot_2026_ws/src/mam_eurobot_2026/build/mam_eurobot_2026' returned '0': CMAKE_PREFIX_PATH=${CMAKE_PREFIX_PATH}:/opt/ros/humble /usr/bin/cmake /home/rosdev/eurobot_2026_ws/src/mam_eurobot_2026 -DCMAKE_INSTALL_PREFIX=/home/rosdev/eurobot_2026_ws/src/mam_eurobot_2026/install/mam_eurobot_2026
[14.710s] DEBUG:colcon.colcon_core.event_handler.log_command:Invoking command in '/home/rosdev/eurobot_2026_ws/src/mam_eurobot_2026/build/mam_eurobot_2026': CMAKE_PREFIX_PATH=${CMAKE_PREFIX_PATH}:/opt/ros/humble /usr/bin/cmake --build /home/rosdev/eurobot_2026_ws/src/mam_eurobot_2026/build/mam_eurobot_2026 -- -j8 -l8
[22.141s] DEBUG:colcon.colcon_core.event_handler.log_command:Invoked command in '/home/rosdev/eurobot_2026_ws/src/mam_eurobot_2026/build/mam_eurobot_2026' returned '0': CMAKE_PREFIX_PATH=${CMAKE_PREFIX_PATH}:/opt/ros/humble /usr/bin/cmake --build /home/rosdev/eurobot_2026_ws/src/mam_eurobot_2026/build/mam_eurobot_2026 -- -j8 -l8
[22.171s] DEBUG:colcon.colcon_core.event_handler.log_command:Invoking command in '/home/rosdev/eurobot_2026_ws/src/mam_eurobot_2026/build/mam_eurobot_2026': CMAKE_PREFIX_PATH=${CMAKE_PREFIX_PATH}:/opt/ros/humble /usr/bin/cmake --install /home/rosdev/eurobot_2026_ws/src/mam_eurobot_2026/build/mam_eurobot_2026
[26.143s] Level 1:colcon.colcon_core.environment:create_environment_scripts_only(mam_eurobot_2026)
[26.145s] DEBUG:colcon.colcon_core.event_handler.log_command:Invoked command in '/home/rosdev/eurobot_2026_ws/src/mam_eurobot_2026/build/mam_eurobot_2026' returned '0': CMAKE_PREFIX_PATH=${CMAKE_PREFIX_PATH}:/opt/ros/humble /usr/bin/cmake --install /home/rosdev/eurobot_2026_ws/src/mam_eurobot_2026/build/mam_eurobot_2026
[26.148s] Level 1:colcon.colcon_core.environment:checking '/home/rosdev/eurobot_2026_ws/src/mam_eurobot_2026/install/mam_eurobot_2026' for CMake module files
[26.218s] Level 1:colcon.colcon_core.environment:checking '/home/rosdev/eurobot_2026_ws/src/mam_eurobot_2026/install/mam_eurobot_2026' for CMake config files
[26.296s] Level 1:colcon.colcon_core.shell:create_environment_hook('mam_eurobot_2026', 'cmake_prefix_path')
[26.296s] INFO:colcon.colcon_core.shell:Creating environment hook '/home/rosdev/eurobot_2026_ws/src/mam_eurobot_2026/install/mam_eurobot_2026/share/mam_eurobot_2026/hook/cmake_prefix_path.ps1'
[26.316s] INFO:colcon.colcon_core.shell:Creating environment descriptor '/home/rosdev/eurobot_2026_ws/src/mam_eurobot_2026/install/mam_eurobot_2026/share/mam_eurobot_2026/hook/cmake_prefix_path.dsv'
[26.329s] INFO:colcon.colcon_core.shell:Creating environment hook '/home/rosdev/eurobot_2026_ws/src/mam_eurobot_2026/install/mam_eurobot_2026/share/mam_eurobot_2026/hook/cmake_prefix_path.sh'
[26.345s] Level 1:colcon.colcon_core.environment:checking '/home/rosdev/eurobot_2026_ws/src/mam_eurobot_2026/install/mam_eurobot_2026/lib'
[26.349s] Level 1:colcon.colcon_core.environment:checking '/home/rosdev/eurobot_2026_ws/src/mam_eurobot_2026/install/mam_eurobot_2026/bin'
[26.351s] Level 1:colcon.colcon_core.environment:checking '/home/rosdev/eurobot_2026_ws/src/mam_eurobot_2026/install/mam_eurobot_2026/lib/pkgconfig/mam_eurobot_2026.pc'
[26.354s] Level 1:colcon.colcon_core.environment:checking '/home/rosdev/eurobot_2026_ws/src/mam_eurobot_2026/install/mam_eurobot_2026/lib/python3.10/site-packages'
[26.356s] Level 1:colcon.colcon_core.environment:checking '/home/rosdev/eurobot_2026_ws/src/mam_eurobot_2026/install/mam_eurobot_2026/bin'
[26.358s] INFO:colcon.colcon_core.shell:Creating package script '/home/rosdev/eurobot_2026_ws/src/mam_eurobot_2026/install/mam_eurobot_2026/share/mam_eurobot_2026/package.ps1'
[26.367s] INFO:colcon.colcon_core.shell:Creating package descriptor '/home/rosdev/eurobot_2026_ws/src/mam_eurobot_2026/install/mam_eurobot_2026/share/mam_eurobot_2026/package.dsv'
[26.378s] INFO:colcon.colcon_core.shell:Creating package script '/home/rosdev/eurobot_2026_ws/src/mam_eurobot_2026/install/mam_eurobot_2026/share/mam_eurobot_2026/package.sh'
[26.391s] INFO:colcon.colcon_core.shell:Creating package script '/home/rosdev/eurobot_2026_ws/src/mam_eurobot_2026/install/mam_eurobot_2026/share/mam_eurobot_2026/package.bash'
[26.402s] INFO:colcon.colcon_core.shell:Creating package script '/home/rosdev/eurobot_2026_ws/src/mam_eurobot_2026/install/mam_eurobot_2026/share/mam_eurobot_2026/package.zsh'
[26.414s] Level 1:colcon.colcon_core.environment:create_file_with_runtime_dependencies(/home/rosdev/eurobot_2026_ws/src/mam_eurobot_2026/install/mam_eurobot_2026/share/colcon-core/packages/mam_eurobot_2026)
[26.440s] Level 1:colcon.colcon_core.environment:create_environment_scripts_only(mam_eurobot_2026)
[26.441s] Level 1:colcon.colcon_core.environment:checking '/home/rosdev/eurobot_2026_ws/src/mam_eurobot_2026/install/mam_eurobot_2026' for CMake module files
[26.520s] Level 1:colcon.colcon_core.environment:checking '/home/rosdev/eurobot_2026_ws/src/mam_eurobot_2026/install/mam_eurobot_2026' for CMake config files
[26.607s] Level 1:colcon.colcon_core.shell:create_environment_hook('mam_eurobot_2026', 'cmake_prefix_path')
[26.607s] INFO:colcon.colcon_core.shell:Creating environment hook '/home/rosdev/eurobot_2026_ws/src/mam_eurobot_2026/install/mam_eurobot_2026/share/mam_eurobot_2026/hook/cmake_prefix_path.ps1'
[26.618s] INFO:colcon.colcon_core.shell:Creating environment descriptor '/home/rosdev/eurobot_2026_ws/src/mam_eurobot_2026/install/mam_eurobot_2026/share/mam_eurobot_2026/hook/cmake_prefix_path.dsv'
[26.630s] INFO:colcon.colcon_core.shell:Creating environment hook '/home/rosdev/eurobot_2026_ws/src/mam_eurobot_2026/install/mam_eurobot_2026/share/mam_eurobot_2026/hook/cmake_prefix_path.sh'
[26.643s] Level 1:colcon.colcon_core.environment:checking '/home/rosdev/eurobot_2026_ws/src/mam_eurobot_2026/install/mam_eurobot_2026/lib'
[26.646s] Level 1:colcon.colcon_core.environment:checking '/home/rosdev/eurobot_2026_ws/src/mam_eurobot_2026/install/mam_eurobot_2026/bin'
[26.648s] Level 1:colcon.colcon_core.environment:checking '/home/rosdev/eurobot_2026_ws/src/mam_eurobot_2026/install/mam_eurobot_2026/lib/pkgconfig/mam_eurobot_2026.pc'
[26.650s] Level 1:colcon.colcon_core.environment:checking '/home/rosdev/eurobot_2026_ws/src/mam_eurobot_2026/install/mam_eurobot_2026/lib/python3.10/site-packages'
[26.651s] Level 1:colcon.colcon_core.environment:checking '/home/rosdev/eurobot_2026_ws/src/mam_eurobot_2026/install/mam_eurobot_2026/bin'
[26.653s] INFO:colcon.colcon_core.shell:Creating package script '/home/rosdev/eurobot_2026_ws/src/mam_eurobot_2026/install/mam_eurobot_2026/share/mam_eurobot_2026/package.ps1'
[26.661s] INFO:colcon.colcon_core.shell:Creating package descriptor '/home/rosdev/eurobot_2026_ws/src/mam_eurobot_2026/install/mam_eurobot_2026/share/mam_eurobot_2026/package.dsv'
[26.671s] INFO:colcon.colcon_core.shell:Creating package script '/home/rosdev/eurobot_2026_ws/src/mam_eurobot_2026/install/mam_eurobot_2026/share/mam_eurobot_2026/package.sh'
[26.683s] INFO:colcon.colcon_core.shell:Creating package script '/home/rosdev/eurobot_2026_ws/src/mam_eurobot_2026/install/mam_eurobot_2026/share/mam_eurobot_2026/package.bash'
[26.695s] INFO:colcon.colcon_core.shell:Creating package script '/home/rosdev/eurobot_2026_ws/src/mam_eurobot_2026/install/mam_eurobot_2026/share/mam_eurobot_2026/package.zsh'
[26.706s] Level 1:colcon.colcon_core.environment:create_file_with_runtime_dependencies(/home/rosdev/eurobot_2026_ws/src/mam_eurobot_2026/install/mam_eurobot_2026/share/colcon-core/packages/mam_eurobot_2026)
[26.715s] DEBUG:colcon.colcon_parallel_executor.executor.parallel:closing loop
[26.716s] DEBUG:colcon.colcon_parallel_executor.executor.parallel:loop closed
[26.716s] DEBUG:colcon.colcon_parallel_executor.executor.parallel:run_until_complete finished with '0'
[26.717s] DEBUG:colcon.colcon_core.event_reactor:joining thread
[26.741s] INFO:colcon.colcon_core.plugin_system:Skipping extension 'colcon_notification.desktop_notification.notify_send': Could not find 'notify-send'
[26.741s] INFO:colcon.colcon_core.plugin_system:Skipping extension 'colcon_notification.desktop_notification.terminal_notifier': Not used on non-Darwin systems
[26.742s] INFO:colcon.colcon_core.plugin_system:Skipping extension 'colcon_notification.desktop_notification.win32': Not used on non-Windows systems
[26.742s] INFO:colcon.colcon_notification.desktop_notification:Sending desktop notification using 'notify2'
[26.743s] DEBUG:colcon.colcon_notification.desktop_notification.notify2:Failed to initialize notify2: org.freedesktop.DBus.Error.NotSupported: Unable to autolaunch a dbus-daemon without a $DISPLAY for X11
[26.744s] DEBUG:colcon.colcon_core.event_reactor:joined thread
[26.744s] INFO:colcon.colcon_core.shell:Creating prefix script '/home/rosdev/eurobot_2026_ws/src/mam_eurobot_2026/install/local_setup.ps1'
[26.750s] INFO:colcon.colcon_core.shell:Creating prefix util module '/home/rosdev/eurobot_2026_ws/src/mam_eurobot_2026/install/_local_setup_util_ps1.py'
[26.757s] INFO:colcon.colcon_core.shell:Creating prefix chain script '/home/rosdev/eurobot_2026_ws/src/mam_eurobot_2026/install/setup.ps1'
[26.762s] INFO:colcon.colcon_core.shell:Creating prefix script '/home/rosdev/eurobot_2026_ws/src/mam_eurobot_2026/install/local_setup.sh'
[26.770s] INFO:colcon.colcon_core.shell:Creating prefix util module '/home/rosdev/eurobot_2026_ws/src/mam_eurobot_2026/install/_local_setup_util_sh.py'
[26.777s] INFO:colcon.colcon_core.shell:Creating prefix chain script '/home/rosdev/eurobot_2026_ws/src/mam_eurobot_2026/install/setup.sh'
[26.785s] INFO:colcon.colcon_core.shell:Creating prefix script '/home/rosdev/eurobot_2026_ws/src/mam_eurobot_2026/install/local_setup.bash'
[26.792s] INFO:colcon.colcon_core.shell:Creating prefix chain script '/home/rosdev/eurobot_2026_ws/src/mam_eurobot_2026/install/setup.bash'
[26.800s] INFO:colcon.colcon_core.shell:Creating prefix script '/home/rosdev/eurobot_2026_ws/src/mam_eurobot_2026/install/local_setup.zsh'
[26.806s] INFO:colcon.colcon_core.shell:Creating prefix chain script '/home/rosdev/eurobot_2026_ws/src/mam_eurobot_2026/install/setup.zsh'
