[35m[1mConsolidate compiler generated dependencies of target cpp_test[0m
[  0%] Built target ament_cmake_python_copy_mam_eurobot_2026
[100%] Built target cpp_test
running egg_info
writing mam_eurobot_2026.egg-info/PKG-INFO
writing dependency_links to mam_eurobot_2026.egg-info/dependency_links.txt
writing top-level names to mam_eurobot_2026.egg-info/top_level.txt
reading manifest file 'mam_eurobot_2026.egg-info/SOURCES.txt'
writing manifest file 'mam_eurobot_2026.egg-info/SOURCES.txt'
[100%] Built target ament_cmake_python_build_mam_eurobot_2026_egg
-- Install configuration: ""
-- Up-to-date: /home/rosdev/eurobot_2026_ws/src/mam_eurobot_2026/install/mam_eurobot_2026/lib/mam_eurobot_2026/cpp_test
-- Up-to-date: /home/rosdev/eurobot_2026_ws/src/mam_eurobot_2026/install/mam_eurobot_2026/share/mam_eurobot_2026/launch
-- Up-to-date: /home/rosdev/eurobot_2026_ws/src/mam_eurobot_2026/install/mam_eurobot_2026/share/mam_eurobot_2026/launch/arena.launch.py
-- Up-to-date: /home/rosdev/eurobot_2026_ws/src/mam_eurobot_2026/install/mam_eurobot_2026/share/mam_eurobot_2026/launch/arena.launch.xml
-- Up-to-date: /home/rosdev/eurobot_2026_ws/src/mam_eurobot_2026/install/mam_eurobot_2026/share/mam_eurobot_2026/launch/camera_bridge.launch.py
-- Up-to-date: /home/rosdev/eurobot_2026_ws/src/mam_eurobot_2026/install/mam_eurobot_2026/share/mam_eurobot_2026/launch/test_world.launch.py
-- Up-to-date: /home/rosdev/eurobot_2026_ws/src/mam_eurobot_2026/install/mam_eurobot_2026/share/mam_eurobot_2026/worlds
-- Up-to-date: /home/rosdev/eurobot_2026_ws/src/mam_eurobot_2026/install/mam_eurobot_2026/share/mam_eurobot_2026/worlds/arena_world.sdf
-- Up-to-date: /home/rosdev/eurobot_2026_ws/src/mam_eurobot_2026/install/mam_eurobot_2026/share/mam_eurobot_2026/models
-- Up-to-date: /home/rosdev/eurobot_2026_ws/src/mam_eurobot_2026/install/mam_eurobot_2026/share/mam_eurobot_2026/models/aruco
-- Up-to-date: /home/rosdev/eurobot_2026_ws/src/mam_eurobot_2026/install/mam_eurobot_2026/share/mam_eurobot_2026/models/aruco/aruco_36.png
-- Up-to-date: /home/rosdev/eurobot_2026_ws/src/mam_eurobot_2026/install/mam_eurobot_2026/share/mam_eurobot_2026/models/aruco/aruco_47.png
-- Up-to-date: /home/rosdev/eurobot_2026_ws/src/mam_eurobot_2026/install/mam_eurobot_2026/share/mam_eurobot_2026/models/crate
-- Up-to-date: /home/rosdev/eurobot_2026_ws/src/mam_eurobot_2026/install/mam_eurobot_2026/share/mam_eurobot_2026/models/crate/model.config
-- Up-to-date: /home/rosdev/eurobot_2026_ws/src/mam_eurobot_2026/install/mam_eurobot_2026/share/mam_eurobot_2026/models/crate/model.sdf
-- Up-to-date: /home/rosdev/eurobot_2026_ws/src/mam_eurobot_2026/install/mam_eurobot_2026/share/mam_eurobot_2026/models/crate_blue
-- Up-to-date: /home/rosdev/eurobot_2026_ws/src/mam_eurobot_2026/install/mam_eurobot_2026/share/mam_eurobot_2026/models/crate_blue/model.config
-- Up-to-date: /home/rosdev/eurobot_2026_ws/src/mam_eurobot_2026/install/mam_eurobot_2026/share/mam_eurobot_2026/models/crate_blue/model.sdf
-- Up-to-date: /home/rosdev/eurobot_2026_ws/src/mam_eurobot_2026/install/mam_eurobot_2026/share/mam_eurobot_2026/models/crate_yellow
-- Up-to-date: /home/rosdev/eurobot_2026_ws/src/mam_eurobot_2026/install/mam_eurobot_2026/share/mam_eurobot_2026/models/crate_yellow/model.config
-- Up-to-date: /home/rosdev/eurobot_2026_ws/src/mam_eurobot_2026/install/mam_eurobot_2026/share/mam_eurobot_2026/models/crate_yellow/model.sdf
-- Up-to-date: /home/rosdev/eurobot_2026_ws/src/mam_eurobot_2026/install/mam_eurobot_2026/share/mam_eurobot_2026/models/mat
-- Up-to-date: /home/rosdev/eurobot_2026_ws/src/mam_eurobot_2026/install/mam_eurobot_2026/share/mam_eurobot_2026/models/mat/mat.png
-- Up-to-date: /home/rosdev/eurobot_2026_ws/src/mam_eurobot_2026/install/mam_eurobot_2026/share/mam_eurobot_2026/models/mat/model.config
-- Up-to-date: /home/rosdev/eurobot_2026_ws/src/mam_eurobot_2026/install/mam_eurobot_2026/share/mam_eurobot_2026/models/mat/model.sdf
-- Up-to-date: /home/rosdev/eurobot_2026_ws/src/mam_eurobot_2026/install/mam_eurobot_2026/share/mam_eurobot_2026/models/simple_robot
-- Up-to-date: /home/rosdev/eurobot_2026_ws/src/mam_eurobot_2026/install/mam_eurobot_2026/share/mam_eurobot_2026/models/simple_robot/model.config
-- Up-to-date: /home/rosdev/eurobot_2026_ws/src/mam_eurobot_2026/install/mam_eurobot_2026/share/mam_eurobot_2026/models/simple_robot/model.sdf
-- Up-to-date: /home/rosdev/eurobot_2026_ws/src/mam_eurobot_2026/install/mam_eurobot_2026/share/mam_eurobot_2026/urdf
-- Up-to-date: /home/rosdev/eurobot_2026_ws/src/mam_eurobot_2026/install/mam_eurobot_2026/share/mam_eurobot_2026/urdf/four_wheel_robot.xacro
-- Up-to-date: /home/rosdev/eurobot_2026_ws/src/mam_eurobot_2026/install/mam_eurobot_2026/share/mam_eurobot_2026/config
-- Up-to-date: /home/rosdev/eurobot_2026_ws/src/mam_eurobot_2026/install/mam_eurobot_2026/share/mam_eurobot_2026/config/mecanum_drive_controller.yaml
-- Up-to-date: /home/rosdev/eurobot_2026_ws/src/mam_eurobot_2026/install/mam_eurobot_2026/share/mam_eurobot_2026/urdf/four_wheel_robot.xacro
-- Up-to-date: /home/rosdev/eurobot_2026_ws/src/mam_eurobot_2026/install/mam_eurobot_2026/share/mam_eurobot_2026/environment/pythonpath.sh
-- Up-to-date: /home/rosdev/eurobot_2026_ws/src/mam_eurobot_2026/install/mam_eurobot_2026/share/mam_eurobot_2026/environment/pythonpath.dsv
-- Up-to-date: /home/rosdev/eurobot_2026_ws/src/mam_eurobot_2026/install/mam_eurobot_2026/local/lib/python3.10/dist-packages/mam_eurobot_2026-0.0.0-py3.10.egg-info
-- Installing: /home/rosdev/eurobot_2026_ws/src/mam_eurobot_2026/install/mam_eurobot_2026/local/lib/python3.10/dist-packages/mam_eurobot_2026-0.0.0-py3.10.egg-info/dependency_links.txt
-- Installing: /home/rosdev/eurobot_2026_ws/src/mam_eurobot_2026/install/mam_eurobot_2026/local/lib/python3.10/dist-packages/mam_eurobot_2026-0.0.0-py3.10.egg-info/PKG-INFO
-- Installing: /home/rosdev/eurobot_2026_ws/src/mam_eurobot_2026/install/mam_eurobot_2026/local/lib/python3.10/dist-packages/mam_eurobot_2026-0.0.0-py3.10.egg-info/SOURCES.txt
-- Installing: /home/rosdev/eurobot_2026_ws/src/mam_eurobot_2026/install/mam_eurobot_2026/local/lib/python3.10/dist-packages/mam_eurobot_2026-0.0.0-py3.10.egg-info/top_level.txt
-- Up-to-date: /home/rosdev/eurobot_2026_ws/src/mam_eurobot_2026/install/mam_eurobot_2026/local/lib/python3.10/dist-packages/mam_eurobot_2026
-- Up-to-date: /home/rosdev/eurobot_2026_ws/src/mam_eurobot_2026/install/mam_eurobot_2026/local/lib/python3.10/dist-packages/mam_eurobot_2026/py_test.py
-- Up-to-date: /home/rosdev/eurobot_2026_ws/src/mam_eurobot_2026/install/mam_eurobot_2026/local/lib/python3.10/dist-packages/mam_eurobot_2026/__init__.py
Listing '/home/rosdev/eurobot_2026_ws/src/mam_eurobot_2026/install/mam_eurobot_2026/local/lib/python3.10/dist-packages/mam_eurobot_2026'...
-- Up-to-date: /home/rosdev/eurobot_2026_ws/src/mam_eurobot_2026/install/mam_eurobot_2026/lib/mam_eurobot_2026/py_test.py
-- Up-to-date: /home/rosdev/eurobot_2026_ws/src/mam_eurobot_2026/install/mam_eurobot_2026/share/ament_index/resource_index/package_run_dependencies/mam_eurobot_2026
-- Up-to-date: /home/rosdev/eurobot_2026_ws/src/mam_eurobot_2026/install/mam_eurobot_2026/share/ament_index/resource_index/parent_prefix_path/mam_eurobot_2026
-- Up-to-date: /home/rosdev/eurobot_2026_ws/src/mam_eurobot_2026/install/mam_eurobot_2026/share/mam_eurobot_2026/environment/ament_prefix_path.sh
-- Up-to-date: /home/rosdev/eurobot_2026_ws/src/mam_eurobot_2026/install/mam_eurobot_2026/share/mam_eurobot_2026/environment/ament_prefix_path.dsv
-- Up-to-date: /home/rosdev/eurobot_2026_ws/src/mam_eurobot_2026/install/mam_eurobot_2026/share/mam_eurobot_2026/environment/path.sh
-- Up-to-date: /home/rosdev/eurobot_2026_ws/src/mam_eurobot_2026/install/mam_eurobot_2026/share/mam_eurobot_2026/environment/path.dsv
-- Up-to-date: /home/rosdev/eurobot_2026_ws/src/mam_eurobot_2026/install/mam_eurobot_2026/share/mam_eurobot_2026/local_setup.bash
-- Up-to-date: /home/rosdev/eurobot_2026_ws/src/mam_eurobot_2026/install/mam_eurobot_2026/share/mam_eurobot_2026/local_setup.sh
-- Up-to-date: /home/rosdev/eurobot_2026_ws/src/mam_eurobot_2026/install/mam_eurobot_2026/share/mam_eurobot_2026/local_setup.zsh
-- Up-to-date: /home/rosdev/eurobot_2026_ws/src/mam_eurobot_2026/install/mam_eurobot_2026/share/mam_eurobot_2026/local_setup.dsv
-- Installing: /home/rosdev/eurobot_2026_ws/src/mam_eurobot_2026/install/mam_eurobot_2026/share/mam_eurobot_2026/package.dsv
-- Up-to-date: /home/rosdev/eurobot_2026_ws/src/mam_eurobot_2026/install/mam_eurobot_2026/share/ament_index/resource_index/packages/mam_eurobot_2026
-- Up-to-date: /home/rosdev/eurobot_2026_ws/src/mam_eurobot_2026/install/mam_eurobot_2026/share/mam_eurobot_2026/cmake/mam_eurobot_2026Config.cmake
-- Up-to-date: /home/rosdev/eurobot_2026_ws/src/mam_eurobot_2026/install/mam_eurobot_2026/share/mam_eurobot_2026/cmake/mam_eurobot_2026Config-version.cmake
-- Up-to-date: /home/rosdev/eurobot_2026_ws/src/mam_eurobot_2026/install/mam_eurobot_2026/share/mam_eurobot_2026/package.xml
